Analysis & Synthesis report for simple_core
Mon Feb 01 22:42:07 2016
Quartus II 64-Bit Version 15.0.0 Build 145 04/22/2015 SJ Web Edition


---------------------
; Table of Contents ;
---------------------
  1. Legal Notice
  2. Analysis & Synthesis Summary
  3. Analysis & Synthesis Settings
  4. Parallel Compilation
  5. Analysis & Synthesis Source Files Read
  6. Analysis & Synthesis Resource Usage Summary
  7. Analysis & Synthesis Resource Utilization by Entity
  8. Registers Removed During Synthesis
  9. General Register Statistics
 10. Multiplexer Restructuring Statistics (Restructuring Performed)
 11. Parameter Settings for User Entity Instance: simple_reg_file:rf
 12. Post-Synthesis Netlist Statistics for Top Partition
 13. Elapsed Time Per Partition
 14. Analysis & Synthesis Messages



----------------
; Legal Notice ;
----------------
Copyright (C) 1991-2015 Altera Corporation. All rights reserved.
Your use of Altera Corporation's design tools, logic functions 
and other software and tools, and its AMPP partner logic 
functions, and any output files from any of the foregoing 
(including device programming or simulation files), and any 
associated documentation or information are expressly subject 
to the terms and conditions of the Altera Program License 
Subscription Agreement, the Altera Quartus II License Agreement,
the Altera MegaCore Function License Agreement, or other 
applicable license agreement, including, without limitation, 
that your use is for the sole purpose of programming logic 
devices manufactured by Altera and sold by Altera or its 
authorized distributors.  Please refer to the applicable 
agreement for further details.



+---------------------------------------------------------------------------------+
; Analysis & Synthesis Summary                                                    ;
+------------------------------------+--------------------------------------------+
; Analysis & Synthesis Status        ; Successful - Mon Feb 01 22:42:07 2016      ;
; Quartus II 64-Bit Version          ; 15.0.0 Build 145 04/22/2015 SJ Web Edition ;
; Revision Name                      ; simple_core                                ;
; Top-level Entity Name              ; simple_core                                ;
; Family                             ; Cyclone IV E                               ;
; Total logic elements               ; 53                                         ;
;     Total combinational functions  ; 27                                         ;
;     Dedicated logic registers      ; 37                                         ;
; Total registers                    ; 37                                         ;
; Total pins                         ; 36                                         ;
; Total virtual pins                 ; 0                                          ;
; Total memory bits                  ; 0                                          ;
; Embedded Multiplier 9-bit elements ; 0                                          ;
; Total PLLs                         ; 0                                          ;
+------------------------------------+--------------------------------------------+


+----------------------------------------------------------------------------------------------------------------------+
; Analysis & Synthesis Settings                                                                                        ;
+----------------------------------------------------------------------------+--------------------+--------------------+
; Option                                                                     ; Setting            ; Default Value      ;
+----------------------------------------------------------------------------+--------------------+--------------------+
; Device                                                                     ; EP4CE40F29C6       ;                    ;
; Top-level entity name                                                      ; simple_core        ; simple_core        ;
; Family name                                                                ; Cyclone IV E       ; Cyclone V          ;
; Use smart compilation                                                      ; Off                ; Off                ;
; Enable parallel Assembler and TimeQuest Timing Analyzer during compilation ; On                 ; On                 ;
; Enable compact report table                                                ; Off                ; Off                ;
; Restructure Multiplexers                                                   ; Auto               ; Auto               ;
; Create Debugging Nodes for IP Cores                                        ; Off                ; Off                ;
; Preserve fewer node names                                                  ; On                 ; On                 ;
; Disable OpenCore Plus hardware evaluation                                  ; Off                ; Off                ;
; Verilog Version                                                            ; Verilog_2001       ; Verilog_2001       ;
; VHDL Version                                                               ; VHDL_1993          ; VHDL_1993          ;
; State Machine Processing                                                   ; Auto               ; Auto               ;
; Safe State Machine                                                         ; Off                ; Off                ;
; Extract Verilog State Machines                                             ; On                 ; On                 ;
; Extract VHDL State Machines                                                ; On                 ; On                 ;
; Ignore Verilog initial constructs                                          ; Off                ; Off                ;
; Iteration limit for constant Verilog loops                                 ; 5000               ; 5000               ;
; Iteration limit for non-constant Verilog loops                             ; 250                ; 250                ;
; Add Pass-Through Logic to Inferred RAMs                                    ; On                 ; On                 ;
; Infer RAMs from Raw Logic                                                  ; On                 ; On                 ;
; Parallel Synthesis                                                         ; On                 ; On                 ;
; DSP Block Balancing                                                        ; Auto               ; Auto               ;
; NOT Gate Push-Back                                                         ; On                 ; On                 ;
; Power-Up Don't Care                                                        ; On                 ; On                 ;
; Remove Redundant Logic Cells                                               ; Off                ; Off                ;
; Remove Duplicate Registers                                                 ; On                 ; On                 ;
; Ignore CARRY Buffers                                                       ; Off                ; Off                ;
; Ignore CASCADE Buffers                                                     ; Off                ; Off                ;
; Ignore GLOBAL Buffers                                                      ; Off                ; Off                ;
; Ignore ROW GLOBAL Buffers                                                  ; Off                ; Off                ;
; Ignore LCELL Buffers                                                       ; Off                ; Off                ;
; Ignore SOFT Buffers                                                        ; On                 ; On                 ;
; Limit AHDL Integers to 32 Bits                                             ; Off                ; Off                ;
; Optimization Technique                                                     ; Balanced           ; Balanced           ;
; Carry Chain Length                                                         ; 70                 ; 70                 ;
; Auto Carry Chains                                                          ; On                 ; On                 ;
; Auto Open-Drain Pins                                                       ; On                 ; On                 ;
; Perform WYSIWYG Primitive Resynthesis                                      ; Off                ; Off                ;
; Auto ROM Replacement                                                       ; On                 ; On                 ;
; Auto RAM Replacement                                                       ; On                 ; On                 ;
; Auto DSP Block Replacement                                                 ; On                 ; On                 ;
; Auto Shift Register Replacement                                            ; Auto               ; Auto               ;
; Allow Shift Register Merging across Hierarchies                            ; Auto               ; Auto               ;
; Auto Clock Enable Replacement                                              ; On                 ; On                 ;
; Strict RAM Replacement                                                     ; Off                ; Off                ;
; Allow Synchronous Control Signals                                          ; On                 ; On                 ;
; Force Use of Synchronous Clear Signals                                     ; Off                ; Off                ;
; Auto RAM Block Balancing                                                   ; On                 ; On                 ;
; Auto RAM to Logic Cell Conversion                                          ; Off                ; Off                ;
; Auto Resource Sharing                                                      ; Off                ; Off                ;
; Allow Any RAM Size For Recognition                                         ; Off                ; Off                ;
; Allow Any ROM Size For Recognition                                         ; Off                ; Off                ;
; Allow Any Shift Register Size For Recognition                              ; Off                ; Off                ;
; Use LogicLock Constraints during Resource Balancing                        ; On                 ; On                 ;
; Ignore translate_off and synthesis_off directives                          ; Off                ; Off                ;
; Timing-Driven Synthesis                                                    ; On                 ; On                 ;
; Report Parameter Settings                                                  ; On                 ; On                 ;
; Report Source Assignments                                                  ; On                 ; On                 ;
; Report Connectivity Checks                                                 ; On                 ; On                 ;
; Ignore Maximum Fan-Out Assignments                                         ; Off                ; Off                ;
; Synchronization Register Chain Length                                      ; 2                  ; 2                  ;
; PowerPlay Power Optimization During Synthesis                              ; Normal compilation ; Normal compilation ;
; HDL message level                                                          ; Level2             ; Level2             ;
; Suppress Register Optimization Related Messages                            ; Off                ; Off                ;
; Number of Removed Registers Reported in Synthesis Report                   ; 5000               ; 5000               ;
; Number of Swept Nodes Reported in Synthesis Report                         ; 5000               ; 5000               ;
; Number of Inverted Registers Reported in Synthesis Report                  ; 100                ; 100                ;
; Clock MUX Protection                                                       ; On                 ; On                 ;
; Auto Gated Clock Conversion                                                ; Off                ; Off                ;
; Block Design Naming                                                        ; Auto               ; Auto               ;
; SDC constraint protection                                                  ; Off                ; Off                ;
; Synthesis Effort                                                           ; Auto               ; Auto               ;
; Shift Register Replacement - Allow Asynchronous Clear Signal               ; On                 ; On                 ;
; Pre-Mapping Resynthesis Optimization                                       ; Off                ; Off                ;
; Analysis & Synthesis Message Level                                         ; Medium             ; Medium             ;
; Disable Register Merging Across Hierarchies                                ; Auto               ; Auto               ;
; Resource Aware Inference For Block RAM                                     ; On                 ; On                 ;
; Synthesis Seed                                                             ; 1                  ; 1                  ;
+----------------------------------------------------------------------------+--------------------+--------------------+


Parallel compilation was disabled, but you have multiple processors available. Enable parallel compilation to reduce compilation time.
+-------------------------------------+
; Parallel Compilation                ;
+----------------------------+--------+
; Processors                 ; Number ;
+----------------------------+--------+
; Number detected on machine ; 4      ;
; Maximum allowed            ; 1      ;
+----------------------------+--------+


+------------------------------------------------------------------------------------------------------------------------------------------------------------------------------------------------+
; Analysis & Synthesis Source Files Read                                                                                                                                                         ;
+----------------------------------+-----------------+------------------------------+--------------------------------------------------------------------------------------------------+---------+
; File Name with User-Entered Path ; Used in Netlist ; File Type                    ; File Name with Absolute Path                                                                     ; Library ;
+----------------------------------+-----------------+------------------------------+--------------------------------------------------------------------------------------------------+---------+
; ../src/simple_reg_file.sv        ; yes             ; User SystemVerilog HDL File  ; C:/Users/ayan7852/Documents/CSE 141L/ucsdcse141l-labs/lab2/simple_core/src/simple_reg_file.sv    ;         ;
; ../src/simple_imem.sv            ; yes             ; User SystemVerilog HDL File  ; C:/Users/ayan7852/Documents/CSE 141L/ucsdcse141l-labs/lab2/simple_core/src/simple_imem.sv        ;         ;
; ../src/simple_definitions.sv     ; yes             ; User SystemVerilog HDL File  ; C:/Users/ayan7852/Documents/CSE 141L/ucsdcse141l-labs/lab2/simple_core/src/simple_definitions.sv ;         ;
; ../src/simple_core.sv            ; yes             ; User SystemVerilog HDL File  ; C:/Users/ayan7852/Documents/CSE 141L/ucsdcse141l-labs/lab2/simple_core/src/simple_core.sv        ;         ;
; ../src/simple_alu.sv             ; yes             ; User SystemVerilog HDL File  ; C:/Users/ayan7852/Documents/CSE 141L/ucsdcse141l-labs/lab2/simple_core/src/simple_alu.sv         ;         ;
+----------------------------------+-----------------+------------------------------+--------------------------------------------------------------------------------------------------+---------+


+---------------------------------------------------------+
; Analysis & Synthesis Resource Usage Summary             ;
+---------------------------------------------+-----------+
; Resource                                    ; Usage     ;
+---------------------------------------------+-----------+
; Estimated Total logic elements              ; 53        ;
;                                             ;           ;
; Total combinational functions               ; 27        ;
; Logic element usage by number of LUT inputs ;           ;
;     -- 4 input functions                    ; 3         ;
;     -- 3 input functions                    ; 21        ;
;     -- <=2 input functions                  ; 3         ;
;                                             ;           ;
; Logic elements by mode                      ;           ;
;     -- normal mode                          ; 21        ;
;     -- arithmetic mode                      ; 6         ;
;                                             ;           ;
; Total registers                             ; 37        ;
;     -- Dedicated logic registers            ; 37        ;
;     -- I/O registers                        ; 0         ;
;                                             ;           ;
; I/O pins                                    ; 36        ;
;                                             ;           ;
; Embedded Multiplier 9-bit elements          ; 0         ;
;                                             ;           ;
; Maximum fan-out node                        ; clk~input ;
; Maximum fan-out                             ; 37        ;
; Total fan-out                               ; 259       ;
; Average fan-out                             ; 1.90      ;
+---------------------------------------------+-----------+


+---------------------------------------------------------------------------------------------------------------------------------------------------------------------------------------+
; Analysis & Synthesis Resource Utilization by Entity                                                                                                                                   ;
+----------------------------+-------------------+--------------+-------------+--------------+---------+-----------+------+--------------+-------------------------------+--------------+
; Compilation Hierarchy Node ; LC Combinationals ; LC Registers ; Memory Bits ; DSP Elements ; DSP 9x9 ; DSP 18x18 ; Pins ; Virtual Pins ; Full Hierarchy Name           ; Library Name ;
+----------------------------+-------------------+--------------+-------------+--------------+---------+-----------+------+--------------+-------------------------------+--------------+
; |simple_core               ; 27 (3)            ; 37 (37)      ; 0           ; 0            ; 0       ; 0         ; 36   ; 0            ; |simple_core                  ; work         ;
;    |simple_alu:alu|        ; 18 (18)           ; 0 (0)        ; 0           ; 0            ; 0       ; 0         ; 0    ; 0            ; |simple_core|simple_alu:alu   ; work         ;
;    |simple_imem:imem|      ; 6 (6)             ; 0 (0)        ; 0           ; 0            ; 0       ; 0         ; 0    ; 0            ; |simple_core|simple_imem:imem ; work         ;
+----------------------------+-------------------+--------------+-------------+--------------+---------+-----------+------+--------------+-------------------------------+--------------+
Note: For table entries with two numbers listed, the numbers in parentheses indicate the number of resources of the given type used by the specific entity alone. The numbers listed outside of parentheses indicate the total resources of the given type used by the specific entity and all of its sub-entities in the hierarchy.


+--------------------------------------------------------------------------------+
; Registers Removed During Synthesis                                             ;
+-----------------------------------------+--------------------------------------+
; Register name                           ; Reason for Removal                   ;
+-----------------------------------------+--------------------------------------+
; simple_reg_file:rf|RF~0                 ; Stuck at GND due to stuck port clock ;
; simple_reg_file:rf|RF~1                 ; Stuck at GND due to stuck port clock ;
; simple_reg_file:rf|RF~2                 ; Stuck at GND due to stuck port clock ;
; simple_reg_file:rf|RF~3                 ; Stuck at GND due to stuck port clock ;
; simple_reg_file:rf|RF~4                 ; Stuck at GND due to stuck port clock ;
; simple_reg_file:rf|RF~5                 ; Stuck at GND due to stuck port clock ;
; simple_reg_file:rf|RF~6                 ; Stuck at GND due to stuck port clock ;
; simple_reg_file:rf|RF~7                 ; Stuck at GND due to stuck port clock ;
; simple_reg_file:rf|RF~8                 ; Stuck at GND due to stuck port clock ;
; simple_reg_file:rf|RF~9                 ; Stuck at GND due to stuck port clock ;
; simple_reg_file:rf|RF~10                ; Stuck at GND due to stuck port clock ;
; simple_reg_file:rf|RF~11                ; Stuck at GND due to stuck port clock ;
; simple_reg_file:rf|RF~12                ; Stuck at GND due to stuck port clock ;
; simple_reg_file:rf|RF~13                ; Stuck at GND due to stuck port clock ;
; simple_reg_file:rf|RF~14                ; Stuck at GND due to stuck port clock ;
; simple_reg_file:rf|RF~15                ; Stuck at GND due to stuck port clock ;
; simple_reg_file:rf|RF~16                ; Stuck at GND due to stuck port clock ;
; simple_reg_file:rf|RF~17                ; Stuck at GND due to stuck port clock ;
; simple_reg_file:rf|RF~18                ; Stuck at GND due to stuck port clock ;
; simple_reg_file:rf|RF~19                ; Stuck at GND due to stuck port clock ;
; simple_reg_file:rf|RF~20                ; Stuck at GND due to stuck port clock ;
; simple_reg_file:rf|RF~21                ; Stuck at GND due to stuck port clock ;
; simple_reg_file:rf|RF~22                ; Stuck at GND due to stuck port clock ;
; simple_reg_file:rf|RF~23                ; Stuck at GND due to stuck port clock ;
; simple_reg_file:rf|RF~24                ; Stuck at GND due to stuck port clock ;
; simple_reg_file:rf|RF~25                ; Stuck at GND due to stuck port clock ;
; simple_reg_file:rf|RF~26                ; Stuck at GND due to stuck port clock ;
; simple_reg_file:rf|RF~27                ; Stuck at GND due to stuck port clock ;
; simple_reg_file:rf|RF~28                ; Stuck at GND due to stuck port clock ;
; simple_reg_file:rf|RF~29                ; Stuck at GND due to stuck port clock ;
; simple_reg_file:rf|RF~30                ; Stuck at GND due to stuck port clock ;
; simple_reg_file:rf|RF~31                ; Stuck at GND due to stuck port clock ;
; simple_reg_file:rf|RF~32                ; Stuck at GND due to stuck port clock ;
; simple_reg_file:rf|RF~33                ; Stuck at GND due to stuck port clock ;
; simple_reg_file:rf|RF~34                ; Stuck at GND due to stuck port clock ;
; simple_reg_file:rf|RF~35                ; Stuck at GND due to stuck port clock ;
; simple_reg_file:rf|RF~36                ; Stuck at GND due to stuck port clock ;
; simple_reg_file:rf|RF~37                ; Stuck at GND due to stuck port clock ;
; simple_reg_file:rf|RF~38                ; Stuck at GND due to stuck port clock ;
; simple_reg_file:rf|RF~39                ; Stuck at GND due to stuck port clock ;
; simple_reg_file:rf|RF~40                ; Stuck at GND due to stuck port clock ;
; simple_reg_file:rf|RF~41                ; Stuck at GND due to stuck port clock ;
; simple_reg_file:rf|RF~42                ; Stuck at GND due to stuck port clock ;
; simple_reg_file:rf|RF~43                ; Stuck at GND due to stuck port clock ;
; simple_reg_file:rf|RF~44                ; Stuck at GND due to stuck port clock ;
; simple_reg_file:rf|RF~45                ; Stuck at GND due to stuck port clock ;
; simple_reg_file:rf|RF~46                ; Stuck at GND due to stuck port clock ;
; simple_reg_file:rf|RF~47                ; Stuck at GND due to stuck port clock ;
; simple_reg_file:rf|RF~48                ; Stuck at GND due to stuck port clock ;
; simple_reg_file:rf|RF~49                ; Stuck at GND due to stuck port clock ;
; simple_reg_file:rf|RF~50                ; Stuck at GND due to stuck port clock ;
; simple_reg_file:rf|RF~51                ; Stuck at GND due to stuck port clock ;
; simple_reg_file:rf|RF~52                ; Stuck at GND due to stuck port clock ;
; simple_reg_file:rf|RF~53                ; Stuck at GND due to stuck port clock ;
; simple_reg_file:rf|RF~54                ; Stuck at GND due to stuck port clock ;
; simple_reg_file:rf|RF~55                ; Stuck at GND due to stuck port clock ;
; simple_reg_file:rf|RF~56                ; Stuck at GND due to stuck port clock ;
; simple_reg_file:rf|RF~57                ; Stuck at GND due to stuck port clock ;
; simple_reg_file:rf|RF~58                ; Stuck at GND due to stuck port clock ;
; simple_reg_file:rf|RF~59                ; Stuck at GND due to stuck port clock ;
; simple_reg_file:rf|RF~60                ; Stuck at GND due to stuck port clock ;
; simple_reg_file:rf|RF~61                ; Stuck at GND due to stuck port clock ;
; simple_reg_file:rf|RF~62                ; Stuck at GND due to stuck port clock ;
; simple_reg_file:rf|RF~63                ; Stuck at GND due to stuck port clock ;
; simple_reg_file:rf|RF~64                ; Stuck at GND due to stuck port clock ;
; simple_reg_file:rf|RF~65                ; Stuck at GND due to stuck port clock ;
; simple_reg_file:rf|RF~66                ; Stuck at GND due to stuck port clock ;
; simple_reg_file:rf|RF~67                ; Stuck at GND due to stuck port clock ;
; simple_reg_file:rf|RF~68                ; Stuck at GND due to stuck port clock ;
; simple_reg_file:rf|RF~69                ; Stuck at GND due to stuck port clock ;
; simple_reg_file:rf|RF~70                ; Stuck at GND due to stuck port clock ;
; simple_reg_file:rf|RF~71                ; Stuck at GND due to stuck port clock ;
; simple_reg_file:rf|RF~72                ; Stuck at GND due to stuck port clock ;
; simple_reg_file:rf|RF~73                ; Stuck at GND due to stuck port clock ;
; simple_reg_file:rf|RF~74                ; Stuck at GND due to stuck port clock ;
; simple_reg_file:rf|RF~75                ; Stuck at GND due to stuck port clock ;
; simple_reg_file:rf|RF~76                ; Stuck at GND due to stuck port clock ;
; simple_reg_file:rf|RF~77                ; Stuck at GND due to stuck port clock ;
; simple_reg_file:rf|RF~78                ; Stuck at GND due to stuck port clock ;
; simple_reg_file:rf|RF~79                ; Stuck at GND due to stuck port clock ;
; simple_reg_file:rf|RF~80                ; Stuck at GND due to stuck port clock ;
; simple_reg_file:rf|RF~81                ; Stuck at GND due to stuck port clock ;
; simple_reg_file:rf|RF~82                ; Stuck at GND due to stuck port clock ;
; simple_reg_file:rf|RF~83                ; Stuck at GND due to stuck port clock ;
; simple_reg_file:rf|RF~84                ; Stuck at GND due to stuck port clock ;
; simple_reg_file:rf|RF~85                ; Stuck at GND due to stuck port clock ;
; simple_reg_file:rf|RF~86                ; Stuck at GND due to stuck port clock ;
; simple_reg_file:rf|RF~87                ; Stuck at GND due to stuck port clock ;
; simple_reg_file:rf|RF~88                ; Stuck at GND due to stuck port clock ;
; simple_reg_file:rf|RF~89                ; Stuck at GND due to stuck port clock ;
; simple_reg_file:rf|RF~90                ; Stuck at GND due to stuck port clock ;
; simple_reg_file:rf|RF~91                ; Stuck at GND due to stuck port clock ;
; simple_reg_file:rf|RF~92                ; Stuck at GND due to stuck port clock ;
; simple_reg_file:rf|RF~93                ; Stuck at GND due to stuck port clock ;
; simple_reg_file:rf|RF~94                ; Stuck at GND due to stuck port clock ;
; simple_reg_file:rf|RF~95                ; Stuck at GND due to stuck port clock ;
; simple_reg_file:rf|RF~96                ; Stuck at GND due to stuck port clock ;
; simple_reg_file:rf|RF~97                ; Stuck at GND due to stuck port clock ;
; simple_reg_file:rf|RF~98                ; Stuck at GND due to stuck port clock ;
; simple_reg_file:rf|RF~99                ; Stuck at GND due to stuck port clock ;
; simple_reg_file:rf|RF~100               ; Stuck at GND due to stuck port clock ;
; simple_reg_file:rf|RF~101               ; Stuck at GND due to stuck port clock ;
; simple_reg_file:rf|RF~102               ; Stuck at GND due to stuck port clock ;
; simple_reg_file:rf|RF~103               ; Stuck at GND due to stuck port clock ;
; simple_reg_file:rf|RF~104               ; Stuck at GND due to stuck port clock ;
; simple_reg_file:rf|RF~105               ; Stuck at GND due to stuck port clock ;
; simple_reg_file:rf|RF~106               ; Stuck at GND due to stuck port clock ;
; simple_reg_file:rf|RF~107               ; Stuck at GND due to stuck port clock ;
; simple_reg_file:rf|RF~108               ; Stuck at GND due to stuck port clock ;
; simple_reg_file:rf|RF~109               ; Stuck at GND due to stuck port clock ;
; simple_reg_file:rf|RF~110               ; Stuck at GND due to stuck port clock ;
; simple_reg_file:rf|RF~111               ; Stuck at GND due to stuck port clock ;
; simple_reg_file:rf|RF~112               ; Stuck at GND due to stuck port clock ;
; simple_reg_file:rf|RF~113               ; Stuck at GND due to stuck port clock ;
; simple_reg_file:rf|RF~114               ; Stuck at GND due to stuck port clock ;
; simple_reg_file:rf|RF~115               ; Stuck at GND due to stuck port clock ;
; simple_reg_file:rf|RF~116               ; Stuck at GND due to stuck port clock ;
; simple_reg_file:rf|RF~117               ; Stuck at GND due to stuck port clock ;
; simple_reg_file:rf|RF~118               ; Stuck at GND due to stuck port clock ;
; simple_reg_file:rf|RF~119               ; Stuck at GND due to stuck port clock ;
; simple_reg_file:rf|RF~120               ; Stuck at GND due to stuck port clock ;
; simple_reg_file:rf|RF~121               ; Stuck at GND due to stuck port clock ;
; simple_reg_file:rf|RF~122               ; Stuck at GND due to stuck port clock ;
; simple_reg_file:rf|RF~123               ; Stuck at GND due to stuck port clock ;
; simple_reg_file:rf|RF~124               ; Stuck at GND due to stuck port clock ;
; simple_reg_file:rf|RF~125               ; Stuck at GND due to stuck port clock ;
; simple_reg_file:rf|RF~126               ; Stuck at GND due to stuck port clock ;
; simple_reg_file:rf|RF~127               ; Stuck at GND due to stuck port clock ;
; simple_reg_file:rf|RF~128               ; Stuck at GND due to stuck port clock ;
; simple_reg_file:rf|RF~129               ; Stuck at GND due to stuck port clock ;
; simple_reg_file:rf|RF~130               ; Stuck at GND due to stuck port clock ;
; simple_reg_file:rf|RF~131               ; Stuck at GND due to stuck port clock ;
; simple_reg_file:rf|RF~132               ; Stuck at GND due to stuck port clock ;
; simple_reg_file:rf|RF~133               ; Stuck at GND due to stuck port clock ;
; simple_reg_file:rf|RF~134               ; Stuck at GND due to stuck port clock ;
; simple_reg_file:rf|RF~135               ; Stuck at GND due to stuck port clock ;
; simple_reg_file:rf|RF~136               ; Stuck at GND due to stuck port clock ;
; simple_reg_file:rf|RF~137               ; Stuck at GND due to stuck port clock ;
; simple_reg_file:rf|RF~138               ; Stuck at GND due to stuck port clock ;
; simple_reg_file:rf|RF~139               ; Stuck at GND due to stuck port clock ;
; simple_reg_file:rf|RF~140               ; Stuck at GND due to stuck port clock ;
; simple_reg_file:rf|RF~141               ; Stuck at GND due to stuck port clock ;
; simple_reg_file:rf|RF~142               ; Stuck at GND due to stuck port clock ;
; simple_reg_file:rf|RF~143               ; Stuck at GND due to stuck port clock ;
; simple_reg_file:rf|RF~144               ; Stuck at GND due to stuck port clock ;
; simple_reg_file:rf|RF~145               ; Stuck at GND due to stuck port clock ;
; simple_reg_file:rf|RF~146               ; Stuck at GND due to stuck port clock ;
; simple_reg_file:rf|RF~147               ; Stuck at GND due to stuck port clock ;
; simple_reg_file:rf|RF~148               ; Stuck at GND due to stuck port clock ;
; simple_reg_file:rf|RF~149               ; Stuck at GND due to stuck port clock ;
; simple_reg_file:rf|RF~150               ; Stuck at GND due to stuck port clock ;
; simple_reg_file:rf|RF~151               ; Stuck at GND due to stuck port clock ;
; simple_reg_file:rf|RF~152               ; Stuck at GND due to stuck port clock ;
; simple_reg_file:rf|RF~153               ; Stuck at GND due to stuck port clock ;
; simple_reg_file:rf|RF~154               ; Stuck at GND due to stuck port clock ;
; simple_reg_file:rf|RF~155               ; Stuck at GND due to stuck port clock ;
; simple_reg_file:rf|RF~156               ; Stuck at GND due to stuck port clock ;
; simple_reg_file:rf|RF~157               ; Stuck at GND due to stuck port clock ;
; simple_reg_file:rf|RF~158               ; Stuck at GND due to stuck port clock ;
; simple_reg_file:rf|RF~159               ; Stuck at GND due to stuck port clock ;
; simple_reg_file:rf|RF~160               ; Stuck at GND due to stuck port clock ;
; simple_reg_file:rf|RF~161               ; Stuck at GND due to stuck port clock ;
; simple_reg_file:rf|RF~162               ; Stuck at GND due to stuck port clock ;
; simple_reg_file:rf|RF~163               ; Stuck at GND due to stuck port clock ;
; simple_reg_file:rf|RF~164               ; Stuck at GND due to stuck port clock ;
; simple_reg_file:rf|RF~165               ; Stuck at GND due to stuck port clock ;
; simple_reg_file:rf|RF~166               ; Stuck at GND due to stuck port clock ;
; simple_reg_file:rf|RF~167               ; Stuck at GND due to stuck port clock ;
; simple_reg_file:rf|RF~168               ; Stuck at GND due to stuck port clock ;
; simple_reg_file:rf|RF~169               ; Stuck at GND due to stuck port clock ;
; simple_reg_file:rf|RF~170               ; Stuck at GND due to stuck port clock ;
; simple_reg_file:rf|RF~171               ; Stuck at GND due to stuck port clock ;
; simple_reg_file:rf|RF~172               ; Stuck at GND due to stuck port clock ;
; simple_reg_file:rf|RF~173               ; Stuck at GND due to stuck port clock ;
; simple_reg_file:rf|RF~174               ; Stuck at GND due to stuck port clock ;
; simple_reg_file:rf|RF~175               ; Stuck at GND due to stuck port clock ;
; simple_reg_file:rf|RF~176               ; Stuck at GND due to stuck port clock ;
; simple_reg_file:rf|RF~177               ; Stuck at GND due to stuck port clock ;
; simple_reg_file:rf|RF~178               ; Stuck at GND due to stuck port clock ;
; simple_reg_file:rf|RF~179               ; Stuck at GND due to stuck port clock ;
; simple_reg_file:rf|RF~180               ; Stuck at GND due to stuck port clock ;
; simple_reg_file:rf|RF~181               ; Stuck at GND due to stuck port clock ;
; simple_reg_file:rf|RF~182               ; Stuck at GND due to stuck port clock ;
; simple_reg_file:rf|RF~183               ; Stuck at GND due to stuck port clock ;
; simple_reg_file:rf|RF~184               ; Stuck at GND due to stuck port clock ;
; simple_reg_file:rf|RF~185               ; Stuck at GND due to stuck port clock ;
; simple_reg_file:rf|RF~186               ; Stuck at GND due to stuck port clock ;
; simple_reg_file:rf|RF~187               ; Stuck at GND due to stuck port clock ;
; simple_reg_file:rf|RF~188               ; Stuck at GND due to stuck port clock ;
; simple_reg_file:rf|RF~189               ; Stuck at GND due to stuck port clock ;
; simple_reg_file:rf|RF~190               ; Stuck at GND due to stuck port clock ;
; simple_reg_file:rf|RF~191               ; Stuck at GND due to stuck port clock ;
; simple_reg_file:rf|RF~192               ; Stuck at GND due to stuck port clock ;
; simple_reg_file:rf|RF~193               ; Stuck at GND due to stuck port clock ;
; simple_reg_file:rf|RF~194               ; Stuck at GND due to stuck port clock ;
; simple_reg_file:rf|RF~195               ; Stuck at GND due to stuck port clock ;
; simple_reg_file:rf|RF~196               ; Stuck at GND due to stuck port clock ;
; simple_reg_file:rf|RF~197               ; Stuck at GND due to stuck port clock ;
; simple_reg_file:rf|RF~198               ; Stuck at GND due to stuck port clock ;
; simple_reg_file:rf|RF~199               ; Stuck at GND due to stuck port clock ;
; simple_reg_file:rf|RF~200               ; Stuck at GND due to stuck port clock ;
; simple_reg_file:rf|RF~201               ; Stuck at GND due to stuck port clock ;
; simple_reg_file:rf|RF~202               ; Stuck at GND due to stuck port clock ;
; simple_reg_file:rf|RF~203               ; Stuck at GND due to stuck port clock ;
; simple_reg_file:rf|RF~204               ; Stuck at GND due to stuck port clock ;
; simple_reg_file:rf|RF~205               ; Stuck at GND due to stuck port clock ;
; simple_reg_file:rf|RF~206               ; Stuck at GND due to stuck port clock ;
; simple_reg_file:rf|RF~207               ; Stuck at GND due to stuck port clock ;
; simple_reg_file:rf|RF~208               ; Stuck at GND due to stuck port clock ;
; simple_reg_file:rf|RF~209               ; Stuck at GND due to stuck port clock ;
; simple_reg_file:rf|RF~210               ; Stuck at GND due to stuck port clock ;
; simple_reg_file:rf|RF~211               ; Stuck at GND due to stuck port clock ;
; simple_reg_file:rf|RF~212               ; Stuck at GND due to stuck port clock ;
; simple_reg_file:rf|RF~213               ; Stuck at GND due to stuck port clock ;
; simple_reg_file:rf|RF~214               ; Stuck at GND due to stuck port clock ;
; simple_reg_file:rf|RF~215               ; Stuck at GND due to stuck port clock ;
; simple_reg_file:rf|RF~216               ; Stuck at GND due to stuck port clock ;
; simple_reg_file:rf|RF~217               ; Stuck at GND due to stuck port clock ;
; simple_reg_file:rf|RF~218               ; Stuck at GND due to stuck port clock ;
; simple_reg_file:rf|RF~219               ; Stuck at GND due to stuck port clock ;
; simple_reg_file:rf|RF~220               ; Stuck at GND due to stuck port clock ;
; simple_reg_file:rf|RF~221               ; Stuck at GND due to stuck port clock ;
; simple_reg_file:rf|RF~222               ; Stuck at GND due to stuck port clock ;
; simple_reg_file:rf|RF~223               ; Stuck at GND due to stuck port clock ;
; simple_reg_file:rf|RF~224               ; Stuck at GND due to stuck port clock ;
; simple_reg_file:rf|RF~225               ; Stuck at GND due to stuck port clock ;
; simple_reg_file:rf|RF~226               ; Stuck at GND due to stuck port clock ;
; simple_reg_file:rf|RF~227               ; Stuck at GND due to stuck port clock ;
; simple_reg_file:rf|RF~228               ; Stuck at GND due to stuck port clock ;
; simple_reg_file:rf|RF~229               ; Stuck at GND due to stuck port clock ;
; simple_reg_file:rf|RF~230               ; Stuck at GND due to stuck port clock ;
; simple_reg_file:rf|RF~231               ; Stuck at GND due to stuck port clock ;
; simple_reg_file:rf|RF~232               ; Stuck at GND due to stuck port clock ;
; simple_reg_file:rf|RF~233               ; Stuck at GND due to stuck port clock ;
; simple_reg_file:rf|RF~234               ; Stuck at GND due to stuck port clock ;
; simple_reg_file:rf|RF~235               ; Stuck at GND due to stuck port clock ;
; simple_reg_file:rf|RF~236               ; Stuck at GND due to stuck port clock ;
; simple_reg_file:rf|RF~237               ; Stuck at GND due to stuck port clock ;
; simple_reg_file:rf|RF~238               ; Stuck at GND due to stuck port clock ;
; simple_reg_file:rf|RF~239               ; Stuck at GND due to stuck port clock ;
; simple_reg_file:rf|RF~240               ; Stuck at GND due to stuck port clock ;
; simple_reg_file:rf|RF~241               ; Stuck at GND due to stuck port clock ;
; simple_reg_file:rf|RF~242               ; Stuck at GND due to stuck port clock ;
; simple_reg_file:rf|RF~243               ; Stuck at GND due to stuck port clock ;
; simple_reg_file:rf|RF~244               ; Stuck at GND due to stuck port clock ;
; simple_reg_file:rf|RF~245               ; Stuck at GND due to stuck port clock ;
; simple_reg_file:rf|RF~246               ; Stuck at GND due to stuck port clock ;
; simple_reg_file:rf|RF~247               ; Stuck at GND due to stuck port clock ;
; simple_reg_file:rf|RF~248               ; Stuck at GND due to stuck port clock ;
; simple_reg_file:rf|RF~249               ; Stuck at GND due to stuck port clock ;
; simple_reg_file:rf|RF~250               ; Stuck at GND due to stuck port clock ;
; simple_reg_file:rf|RF~251               ; Stuck at GND due to stuck port clock ;
; simple_reg_file:rf|RF~252               ; Stuck at GND due to stuck port clock ;
; simple_reg_file:rf|RF~253               ; Stuck at GND due to stuck port clock ;
; simple_reg_file:rf|RF~254               ; Stuck at GND due to stuck port clock ;
; simple_reg_file:rf|RF~255               ; Stuck at GND due to stuck port clock ;
; simple_reg_file:rf|RF~256               ; Stuck at GND due to stuck port clock ;
; simple_reg_file:rf|RF~257               ; Stuck at GND due to stuck port clock ;
; simple_reg_file:rf|RF~258               ; Stuck at GND due to stuck port clock ;
; simple_reg_file:rf|RF~259               ; Stuck at GND due to stuck port clock ;
; simple_reg_file:rf|RF~260               ; Stuck at GND due to stuck port clock ;
; simple_reg_file:rf|RF~261               ; Stuck at GND due to stuck port clock ;
; simple_reg_file:rf|RF~262               ; Stuck at GND due to stuck port clock ;
; simple_reg_file:rf|RF~263               ; Stuck at GND due to stuck port clock ;
; simple_reg_file:rf|RF~264               ; Stuck at GND due to stuck port clock ;
; simple_reg_file:rf|RF~265               ; Stuck at GND due to stuck port clock ;
; simple_reg_file:rf|RF~266               ; Stuck at GND due to stuck port clock ;
; simple_reg_file:rf|RF~267               ; Stuck at GND due to stuck port clock ;
; simple_reg_file:rf|RF~268               ; Stuck at GND due to stuck port clock ;
; simple_reg_file:rf|RF~269               ; Stuck at GND due to stuck port clock ;
; simple_reg_file:rf|RF~270               ; Stuck at GND due to stuck port clock ;
; simple_reg_file:rf|RF~271               ; Stuck at GND due to stuck port clock ;
; simple_reg_file:rf|RF~272               ; Stuck at GND due to stuck port clock ;
; simple_reg_file:rf|RF~273               ; Stuck at GND due to stuck port clock ;
; simple_reg_file:rf|RF~274               ; Stuck at GND due to stuck port clock ;
; simple_reg_file:rf|RF~275               ; Stuck at GND due to stuck port clock ;
; simple_reg_file:rf|RF~276               ; Stuck at GND due to stuck port clock ;
; simple_reg_file:rf|RF~277               ; Stuck at GND due to stuck port clock ;
; simple_reg_file:rf|RF~278               ; Stuck at GND due to stuck port clock ;
; simple_reg_file:rf|RF~279               ; Stuck at GND due to stuck port clock ;
; simple_reg_file:rf|RF~280               ; Stuck at GND due to stuck port clock ;
; simple_reg_file:rf|RF~281               ; Stuck at GND due to stuck port clock ;
; simple_reg_file:rf|RF~282               ; Stuck at GND due to stuck port clock ;
; simple_reg_file:rf|RF~283               ; Stuck at GND due to stuck port clock ;
; simple_reg_file:rf|RF~284               ; Stuck at GND due to stuck port clock ;
; simple_reg_file:rf|RF~285               ; Stuck at GND due to stuck port clock ;
; simple_reg_file:rf|RF~286               ; Stuck at GND due to stuck port clock ;
; simple_reg_file:rf|RF~287               ; Stuck at GND due to stuck port clock ;
; simple_reg_file:rf|RF~288               ; Stuck at GND due to stuck port clock ;
; simple_reg_file:rf|RF~289               ; Stuck at GND due to stuck port clock ;
; simple_reg_file:rf|RF~290               ; Stuck at GND due to stuck port clock ;
; simple_reg_file:rf|RF~291               ; Stuck at GND due to stuck port clock ;
; simple_reg_file:rf|RF~292               ; Stuck at GND due to stuck port clock ;
; simple_reg_file:rf|RF~293               ; Stuck at GND due to stuck port clock ;
; simple_reg_file:rf|RF~294               ; Stuck at GND due to stuck port clock ;
; simple_reg_file:rf|RF~295               ; Stuck at GND due to stuck port clock ;
; simple_reg_file:rf|RF~296               ; Stuck at GND due to stuck port clock ;
; simple_reg_file:rf|RF~297               ; Stuck at GND due to stuck port clock ;
; simple_reg_file:rf|RF~298               ; Stuck at GND due to stuck port clock ;
; simple_reg_file:rf|RF~299               ; Stuck at GND due to stuck port clock ;
; simple_reg_file:rf|RF~300               ; Stuck at GND due to stuck port clock ;
; simple_reg_file:rf|RF~301               ; Stuck at GND due to stuck port clock ;
; simple_reg_file:rf|RF~302               ; Stuck at GND due to stuck port clock ;
; simple_reg_file:rf|RF~303               ; Stuck at GND due to stuck port clock ;
; simple_reg_file:rf|RF~304               ; Stuck at GND due to stuck port clock ;
; simple_reg_file:rf|RF~305               ; Stuck at GND due to stuck port clock ;
; simple_reg_file:rf|RF~306               ; Stuck at GND due to stuck port clock ;
; simple_reg_file:rf|RF~307               ; Stuck at GND due to stuck port clock ;
; simple_reg_file:rf|RF~308               ; Stuck at GND due to stuck port clock ;
; simple_reg_file:rf|RF~309               ; Stuck at GND due to stuck port clock ;
; simple_reg_file:rf|RF~310               ; Stuck at GND due to stuck port clock ;
; simple_reg_file:rf|RF~311               ; Stuck at GND due to stuck port clock ;
; simple_reg_file:rf|RF~312               ; Stuck at GND due to stuck port clock ;
; simple_reg_file:rf|RF~313               ; Stuck at GND due to stuck port clock ;
; simple_reg_file:rf|RF~314               ; Stuck at GND due to stuck port clock ;
; simple_reg_file:rf|RF~315               ; Stuck at GND due to stuck port clock ;
; simple_reg_file:rf|RF~316               ; Stuck at GND due to stuck port clock ;
; simple_reg_file:rf|RF~317               ; Stuck at GND due to stuck port clock ;
; simple_reg_file:rf|RF~318               ; Stuck at GND due to stuck port clock ;
; simple_reg_file:rf|RF~319               ; Stuck at GND due to stuck port clock ;
; simple_reg_file:rf|RF~320               ; Stuck at GND due to stuck port clock ;
; simple_reg_file:rf|RF~321               ; Stuck at GND due to stuck port clock ;
; simple_reg_file:rf|RF~322               ; Stuck at GND due to stuck port clock ;
; simple_reg_file:rf|RF~323               ; Stuck at GND due to stuck port clock ;
; simple_reg_file:rf|RF~324               ; Stuck at GND due to stuck port clock ;
; simple_reg_file:rf|RF~325               ; Stuck at GND due to stuck port clock ;
; simple_reg_file:rf|RF~326               ; Stuck at GND due to stuck port clock ;
; simple_reg_file:rf|RF~327               ; Stuck at GND due to stuck port clock ;
; simple_reg_file:rf|RF~328               ; Stuck at GND due to stuck port clock ;
; simple_reg_file:rf|RF~329               ; Stuck at GND due to stuck port clock ;
; simple_reg_file:rf|RF~330               ; Stuck at GND due to stuck port clock ;
; simple_reg_file:rf|RF~331               ; Stuck at GND due to stuck port clock ;
; simple_reg_file:rf|RF~332               ; Stuck at GND due to stuck port clock ;
; simple_reg_file:rf|RF~333               ; Stuck at GND due to stuck port clock ;
; simple_reg_file:rf|RF~334               ; Stuck at GND due to stuck port clock ;
; simple_reg_file:rf|RF~335               ; Stuck at GND due to stuck port clock ;
; simple_reg_file:rf|RF~336               ; Stuck at GND due to stuck port clock ;
; simple_reg_file:rf|RF~337               ; Stuck at GND due to stuck port clock ;
; simple_reg_file:rf|RF~338               ; Stuck at GND due to stuck port clock ;
; simple_reg_file:rf|RF~339               ; Stuck at GND due to stuck port clock ;
; simple_reg_file:rf|RF~340               ; Stuck at GND due to stuck port clock ;
; simple_reg_file:rf|RF~341               ; Stuck at GND due to stuck port clock ;
; simple_reg_file:rf|RF~342               ; Stuck at GND due to stuck port clock ;
; simple_reg_file:rf|RF~343               ; Stuck at GND due to stuck port clock ;
; simple_reg_file:rf|RF~344               ; Stuck at GND due to stuck port clock ;
; simple_reg_file:rf|RF~345               ; Stuck at GND due to stuck port clock ;
; simple_reg_file:rf|RF~346               ; Stuck at GND due to stuck port clock ;
; simple_reg_file:rf|RF~347               ; Stuck at GND due to stuck port clock ;
; simple_reg_file:rf|RF~348               ; Stuck at GND due to stuck port clock ;
; simple_reg_file:rf|RF~349               ; Stuck at GND due to stuck port clock ;
; simple_reg_file:rf|RF~350               ; Stuck at GND due to stuck port clock ;
; simple_reg_file:rf|RF~351               ; Stuck at GND due to stuck port clock ;
; simple_reg_file:rf|RF~352               ; Stuck at GND due to stuck port clock ;
; simple_reg_file:rf|RF~353               ; Stuck at GND due to stuck port clock ;
; simple_reg_file:rf|RF~354               ; Stuck at GND due to stuck port clock ;
; simple_reg_file:rf|RF~355               ; Stuck at GND due to stuck port clock ;
; simple_reg_file:rf|RF~356               ; Stuck at GND due to stuck port clock ;
; simple_reg_file:rf|RF~357               ; Stuck at GND due to stuck port clock ;
; simple_reg_file:rf|RF~358               ; Stuck at GND due to stuck port clock ;
; simple_reg_file:rf|RF~359               ; Stuck at GND due to stuck port clock ;
; simple_reg_file:rf|RF~360               ; Stuck at GND due to stuck port clock ;
; simple_reg_file:rf|RF~361               ; Stuck at GND due to stuck port clock ;
; simple_reg_file:rf|RF~362               ; Stuck at GND due to stuck port clock ;
; simple_reg_file:rf|RF~363               ; Stuck at GND due to stuck port clock ;
; simple_reg_file:rf|RF~364               ; Stuck at GND due to stuck port clock ;
; simple_reg_file:rf|RF~365               ; Stuck at GND due to stuck port clock ;
; simple_reg_file:rf|RF~366               ; Stuck at GND due to stuck port clock ;
; simple_reg_file:rf|RF~367               ; Stuck at GND due to stuck port clock ;
; simple_reg_file:rf|RF~368               ; Stuck at GND due to stuck port clock ;
; simple_reg_file:rf|RF~369               ; Stuck at GND due to stuck port clock ;
; simple_reg_file:rf|RF~370               ; Stuck at GND due to stuck port clock ;
; simple_reg_file:rf|RF~371               ; Stuck at GND due to stuck port clock ;
; simple_reg_file:rf|RF~372               ; Stuck at GND due to stuck port clock ;
; simple_reg_file:rf|RF~373               ; Stuck at GND due to stuck port clock ;
; simple_reg_file:rf|RF~374               ; Stuck at GND due to stuck port clock ;
; simple_reg_file:rf|RF~375               ; Stuck at GND due to stuck port clock ;
; simple_reg_file:rf|RF~376               ; Stuck at GND due to stuck port clock ;
; simple_reg_file:rf|RF~377               ; Stuck at GND due to stuck port clock ;
; simple_reg_file:rf|RF~378               ; Stuck at GND due to stuck port clock ;
; simple_reg_file:rf|RF~379               ; Stuck at GND due to stuck port clock ;
; simple_reg_file:rf|RF~380               ; Stuck at GND due to stuck port clock ;
; simple_reg_file:rf|RF~381               ; Stuck at GND due to stuck port clock ;
; simple_reg_file:rf|RF~382               ; Stuck at GND due to stuck port clock ;
; simple_reg_file:rf|RF~383               ; Stuck at GND due to stuck port clock ;
; simple_reg_file:rf|RF~384               ; Stuck at GND due to stuck port clock ;
; simple_reg_file:rf|RF~385               ; Stuck at GND due to stuck port clock ;
; simple_reg_file:rf|RF~386               ; Stuck at GND due to stuck port clock ;
; simple_reg_file:rf|RF~387               ; Stuck at GND due to stuck port clock ;
; simple_reg_file:rf|RF~388               ; Stuck at GND due to stuck port clock ;
; simple_reg_file:rf|RF~389               ; Stuck at GND due to stuck port clock ;
; simple_reg_file:rf|RF~390               ; Stuck at GND due to stuck port clock ;
; simple_reg_file:rf|RF~391               ; Stuck at GND due to stuck port clock ;
; simple_reg_file:rf|RF~392               ; Stuck at GND due to stuck port clock ;
; simple_reg_file:rf|RF~393               ; Stuck at GND due to stuck port clock ;
; simple_reg_file:rf|RF~394               ; Stuck at GND due to stuck port clock ;
; simple_reg_file:rf|RF~395               ; Stuck at GND due to stuck port clock ;
; simple_reg_file:rf|RF~396               ; Stuck at GND due to stuck port clock ;
; simple_reg_file:rf|RF~397               ; Stuck at GND due to stuck port clock ;
; simple_reg_file:rf|RF~398               ; Stuck at GND due to stuck port clock ;
; simple_reg_file:rf|RF~399               ; Stuck at GND due to stuck port clock ;
; simple_reg_file:rf|RF~400               ; Stuck at GND due to stuck port clock ;
; simple_reg_file:rf|RF~401               ; Stuck at GND due to stuck port clock ;
; simple_reg_file:rf|RF~402               ; Stuck at GND due to stuck port clock ;
; simple_reg_file:rf|RF~403               ; Stuck at GND due to stuck port clock ;
; simple_reg_file:rf|RF~404               ; Stuck at GND due to stuck port clock ;
; simple_reg_file:rf|RF~405               ; Stuck at GND due to stuck port clock ;
; simple_reg_file:rf|RF~406               ; Stuck at GND due to stuck port clock ;
; simple_reg_file:rf|RF~407               ; Stuck at GND due to stuck port clock ;
; simple_reg_file:rf|RF~408               ; Stuck at GND due to stuck port clock ;
; simple_reg_file:rf|RF~409               ; Stuck at GND due to stuck port clock ;
; simple_reg_file:rf|RF~410               ; Stuck at GND due to stuck port clock ;
; simple_reg_file:rf|RF~411               ; Stuck at GND due to stuck port clock ;
; simple_reg_file:rf|RF~412               ; Stuck at GND due to stuck port clock ;
; simple_reg_file:rf|RF~413               ; Stuck at GND due to stuck port clock ;
; simple_reg_file:rf|RF~414               ; Stuck at GND due to stuck port clock ;
; simple_reg_file:rf|RF~415               ; Stuck at GND due to stuck port clock ;
; simple_reg_file:rf|RF~416               ; Stuck at GND due to stuck port clock ;
; simple_reg_file:rf|RF~417               ; Stuck at GND due to stuck port clock ;
; simple_reg_file:rf|RF~418               ; Stuck at GND due to stuck port clock ;
; simple_reg_file:rf|RF~419               ; Stuck at GND due to stuck port clock ;
; simple_reg_file:rf|RF~420               ; Stuck at GND due to stuck port clock ;
; simple_reg_file:rf|RF~421               ; Stuck at GND due to stuck port clock ;
; simple_reg_file:rf|RF~422               ; Stuck at GND due to stuck port clock ;
; simple_reg_file:rf|RF~423               ; Stuck at GND due to stuck port clock ;
; simple_reg_file:rf|RF~424               ; Stuck at GND due to stuck port clock ;
; simple_reg_file:rf|RF~425               ; Stuck at GND due to stuck port clock ;
; simple_reg_file:rf|RF~426               ; Stuck at GND due to stuck port clock ;
; simple_reg_file:rf|RF~427               ; Stuck at GND due to stuck port clock ;
; simple_reg_file:rf|RF~428               ; Stuck at GND due to stuck port clock ;
; simple_reg_file:rf|RF~429               ; Stuck at GND due to stuck port clock ;
; simple_reg_file:rf|RF~430               ; Stuck at GND due to stuck port clock ;
; simple_reg_file:rf|RF~431               ; Stuck at GND due to stuck port clock ;
; simple_reg_file:rf|RF~432               ; Stuck at GND due to stuck port clock ;
; simple_reg_file:rf|RF~433               ; Stuck at GND due to stuck port clock ;
; simple_reg_file:rf|RF~434               ; Stuck at GND due to stuck port clock ;
; simple_reg_file:rf|RF~435               ; Stuck at GND due to stuck port clock ;
; simple_reg_file:rf|RF~436               ; Stuck at GND due to stuck port clock ;
; simple_reg_file:rf|RF~437               ; Stuck at GND due to stuck port clock ;
; simple_reg_file:rf|RF~438               ; Stuck at GND due to stuck port clock ;
; simple_reg_file:rf|RF~439               ; Stuck at GND due to stuck port clock ;
; simple_reg_file:rf|RF~440               ; Stuck at GND due to stuck port clock ;
; simple_reg_file:rf|RF~441               ; Stuck at GND due to stuck port clock ;
; simple_reg_file:rf|RF~442               ; Stuck at GND due to stuck port clock ;
; simple_reg_file:rf|RF~443               ; Stuck at GND due to stuck port clock ;
; simple_reg_file:rf|RF~444               ; Stuck at GND due to stuck port clock ;
; simple_reg_file:rf|RF~445               ; Stuck at GND due to stuck port clock ;
; simple_reg_file:rf|RF~446               ; Stuck at GND due to stuck port clock ;
; simple_reg_file:rf|RF~447               ; Stuck at GND due to stuck port clock ;
; simple_reg_file:rf|RF~448               ; Stuck at GND due to stuck port clock ;
; simple_reg_file:rf|RF~449               ; Stuck at GND due to stuck port clock ;
; simple_reg_file:rf|RF~450               ; Stuck at GND due to stuck port clock ;
; simple_reg_file:rf|RF~451               ; Stuck at GND due to stuck port clock ;
; simple_reg_file:rf|RF~452               ; Stuck at GND due to stuck port clock ;
; simple_reg_file:rf|RF~453               ; Stuck at GND due to stuck port clock ;
; simple_reg_file:rf|RF~454               ; Stuck at GND due to stuck port clock ;
; simple_reg_file:rf|RF~455               ; Stuck at GND due to stuck port clock ;
; simple_reg_file:rf|RF~456               ; Stuck at GND due to stuck port clock ;
; simple_reg_file:rf|RF~457               ; Stuck at GND due to stuck port clock ;
; simple_reg_file:rf|RF~458               ; Stuck at GND due to stuck port clock ;
; simple_reg_file:rf|RF~459               ; Stuck at GND due to stuck port clock ;
; simple_reg_file:rf|RF~460               ; Stuck at GND due to stuck port clock ;
; simple_reg_file:rf|RF~461               ; Stuck at GND due to stuck port clock ;
; simple_reg_file:rf|RF~462               ; Stuck at GND due to stuck port clock ;
; simple_reg_file:rf|RF~463               ; Stuck at GND due to stuck port clock ;
; simple_reg_file:rf|RF~464               ; Stuck at GND due to stuck port clock ;
; simple_reg_file:rf|RF~465               ; Stuck at GND due to stuck port clock ;
; simple_reg_file:rf|RF~466               ; Stuck at GND due to stuck port clock ;
; simple_reg_file:rf|RF~467               ; Stuck at GND due to stuck port clock ;
; simple_reg_file:rf|RF~468               ; Stuck at GND due to stuck port clock ;
; simple_reg_file:rf|RF~469               ; Stuck at GND due to stuck port clock ;
; simple_reg_file:rf|RF~470               ; Stuck at GND due to stuck port clock ;
; simple_reg_file:rf|RF~471               ; Stuck at GND due to stuck port clock ;
; simple_reg_file:rf|RF~472               ; Stuck at GND due to stuck port clock ;
; simple_reg_file:rf|RF~473               ; Stuck at GND due to stuck port clock ;
; simple_reg_file:rf|RF~474               ; Stuck at GND due to stuck port clock ;
; simple_reg_file:rf|RF~475               ; Stuck at GND due to stuck port clock ;
; simple_reg_file:rf|RF~476               ; Stuck at GND due to stuck port clock ;
; simple_reg_file:rf|RF~477               ; Stuck at GND due to stuck port clock ;
; simple_reg_file:rf|RF~478               ; Stuck at GND due to stuck port clock ;
; simple_reg_file:rf|RF~479               ; Stuck at GND due to stuck port clock ;
; simple_reg_file:rf|RF~480               ; Stuck at GND due to stuck port clock ;
; simple_reg_file:rf|RF~481               ; Stuck at GND due to stuck port clock ;
; simple_reg_file:rf|RF~482               ; Stuck at GND due to stuck port clock ;
; simple_reg_file:rf|RF~483               ; Stuck at GND due to stuck port clock ;
; simple_reg_file:rf|RF~484               ; Stuck at GND due to stuck port clock ;
; simple_reg_file:rf|RF~485               ; Stuck at GND due to stuck port clock ;
; simple_reg_file:rf|RF~486               ; Stuck at GND due to stuck port clock ;
; simple_reg_file:rf|RF~487               ; Stuck at GND due to stuck port clock ;
; simple_reg_file:rf|RF~488               ; Stuck at GND due to stuck port clock ;
; simple_reg_file:rf|RF~489               ; Stuck at GND due to stuck port clock ;
; simple_reg_file:rf|RF~490               ; Stuck at GND due to stuck port clock ;
; simple_reg_file:rf|RF~491               ; Stuck at GND due to stuck port clock ;
; simple_reg_file:rf|RF~492               ; Stuck at GND due to stuck port clock ;
; simple_reg_file:rf|RF~493               ; Stuck at GND due to stuck port clock ;
; simple_reg_file:rf|RF~494               ; Stuck at GND due to stuck port clock ;
; simple_reg_file:rf|RF~495               ; Stuck at GND due to stuck port clock ;
; simple_reg_file:rf|RF~496               ; Stuck at GND due to stuck port clock ;
; simple_reg_file:rf|RF~497               ; Stuck at GND due to stuck port clock ;
; simple_reg_file:rf|RF~498               ; Stuck at GND due to stuck port clock ;
; simple_reg_file:rf|RF~499               ; Stuck at GND due to stuck port clock ;
; simple_reg_file:rf|RF~500               ; Stuck at GND due to stuck port clock ;
; simple_reg_file:rf|RF~501               ; Stuck at GND due to stuck port clock ;
; simple_reg_file:rf|RF~502               ; Stuck at GND due to stuck port clock ;
; simple_reg_file:rf|RF~503               ; Stuck at GND due to stuck port clock ;
; simple_reg_file:rf|RF~504               ; Stuck at GND due to stuck port clock ;
; simple_reg_file:rf|RF~505               ; Stuck at GND due to stuck port clock ;
; simple_reg_file:rf|RF~506               ; Stuck at GND due to stuck port clock ;
; simple_reg_file:rf|RF~507               ; Stuck at GND due to stuck port clock ;
; simple_reg_file:rf|RF~508               ; Stuck at GND due to stuck port clock ;
; simple_reg_file:rf|RF~509               ; Stuck at GND due to stuck port clock ;
; simple_reg_file:rf|RF~510               ; Stuck at GND due to stuck port clock ;
; simple_reg_file:rf|RF~511               ; Stuck at GND due to stuck port clock ;
; Total Number of Removed Registers = 512 ;                                      ;
+-----------------------------------------+--------------------------------------+


+------------------------------------------------------+
; General Register Statistics                          ;
+----------------------------------------------+-------+
; Statistic                                    ; Value ;
+----------------------------------------------+-------+
; Total registers                              ; 37    ;
; Number of registers using Synchronous Clear  ; 0     ;
; Number of registers using Synchronous Load   ; 0     ;
; Number of registers using Asynchronous Clear ; 0     ;
; Number of registers using Asynchronous Load  ; 0     ;
; Number of registers using Clock Enable       ; 34    ;
; Number of registers using Preset             ; 0     ;
+----------------------------------------------+-------+


+------------------------------------------------------------------------------------------------------------------------------------------+
; Multiplexer Restructuring Statistics (Restructuring Performed)                                                                           ;
+--------------------+-----------+---------------+----------------------+------------------------+------------+----------------------------+
; Multiplexer Inputs ; Bus Width ; Baseline Area ; Area if Restructured ; Saving if Restructured ; Registered ; Example Multiplexer Output ;
+--------------------+-----------+---------------+----------------------+------------------------+------------+----------------------------+
; 3:1                ; 3 bits    ; 6 LEs         ; 3 LEs                ; 3 LEs                  ; Yes        ; |simple_core|pc[2]         ;
+--------------------+-----------+---------------+----------------------+------------------------+------------+----------------------------+


+-----------------------------------------------------------------+
; Parameter Settings for User Entity Instance: simple_reg_file:rf ;
+----------------+-------+----------------------------------------+
; Parameter Name ; Value ; Type                                   ;
+----------------+-------+----------------------------------------+
; addr_width_p   ; 4     ; Signed Integer                         ;
+----------------+-------+----------------------------------------+
Note: In order to hide this table in the UI and the text report file, please set the "Show Parameter Settings in Synthesis Report" option in "Analysis and Synthesis Settings -> More Settings" to "Off".


+-----------------------------------------------------+
; Post-Synthesis Netlist Statistics for Top Partition ;
+-----------------------+-----------------------------+
; Type                  ; Count                       ;
+-----------------------+-----------------------------+
; boundary_port         ; 36                          ;
; cycloneiii_ff         ; 37                          ;
;     ENA               ; 34                          ;
;     plain             ; 3                           ;
; cycloneiii_lcell_comb ; 27                          ;
;     arith             ; 6                           ;
;         3 data inputs ; 6                           ;
;     normal            ; 21                          ;
;         2 data inputs ; 3                           ;
;         3 data inputs ; 15                          ;
;         4 data inputs ; 3                           ;
;                       ;                             ;
; Max LUT depth         ; 3.60                        ;
; Average LUT depth     ; 1.54                        ;
+-----------------------+-----------------------------+


+-------------------------------+
; Elapsed Time Per Partition    ;
+----------------+--------------+
; Partition Name ; Elapsed Time ;
+----------------+--------------+
; Top            ; 00:00:01     ;
+----------------+--------------+


+-------------------------------+
; Analysis & Synthesis Messages ;
+-------------------------------+
Info: *******************************************************************
Info: Running Quartus II 64-Bit Analysis & Synthesis
    Info: Version 15.0.0 Build 145 04/22/2015 SJ Web Edition
    Info: Processing started: Mon Feb 01 22:41:49 2016
Info: Command: quartus_map --read_settings_files=on --write_settings_files=off simple_core -c simple_core
Warning (20028): Parallel compilation is not licensed and has been disabled
Info (12021): Found 1 design units, including 1 entities, in source file /users/ayan7852/documents/cse 141l/ucsdcse141l-labs/lab2/simple_core/src/simple_reg_file.sv
    Info (12023): Found entity 1: simple_reg_file
Info (12021): Found 1 design units, including 1 entities, in source file /users/ayan7852/documents/cse 141l/ucsdcse141l-labs/lab2/simple_core/src/simple_imem.sv
    Info (12023): Found entity 1: simple_imem
Info (12021): Found 1 design units, including 0 entities, in source file /users/ayan7852/documents/cse 141l/ucsdcse141l-labs/lab2/simple_core/src/simple_definitions.sv
    Info (12022): Found design unit 1: simple_definitions (SystemVerilog)
Info (12021): Found 1 design units, including 1 entities, in source file /users/ayan7852/documents/cse 141l/ucsdcse141l-labs/lab2/simple_core/src/simple_core.sv
    Info (12023): Found entity 1: simple_core
Info (12021): Found 1 design units, including 1 entities, in source file /users/ayan7852/documents/cse 141l/ucsdcse141l-labs/lab2/simple_core/src/simple_alu.sv
    Info (12023): Found entity 1: simple_alu
Warning (10236): Verilog HDL Implicit Net warning at simple_core.sv(69): created implicit net for "alu_result_valid"
Info (12127): Elaborating entity "simple_core" for the top level hierarchy
Warning (10036): Verilog HDL or VHDL warning at simple_core.sv(27): object "rf_wen" assigned a value but never read
Warning (10230): Verilog HDL assignment warning at simple_core.sv(43): truncated value with size 32 to match size of target (3)
Info (12128): Elaborating entity "simple_imem" for hierarchy "simple_imem:imem"
Info (12128): Elaborating entity "simple_reg_file" for hierarchy "simple_reg_file:rf"
Warning (10030): Net "RF.data_a" at simple_reg_file.sv(23) has no driver or initial value, using a default initial value '0'
Warning (10030): Net "RF.waddr_a" at simple_reg_file.sv(23) has no driver or initial value, using a default initial value '0'
Warning (10030): Net "RF.we_a" at simple_reg_file.sv(23) has no driver or initial value, using a default initial value '0'
Info (12128): Elaborating entity "simple_alu" for hierarchy "simple_alu:alu"
Info (276014): Found 1 instances of uninferred RAM logic
    Info (276004): RAM logic "simple_reg_file:rf|RF" is uninferred due to inappropriate RAM size
Info (286030): Timing-Driven Synthesis is running
Info (16010): Generating hard_block partition "hard_block:auto_generated_inst"
    Info (16011): Adding 0 node(s), including 0 DDIO, 0 PLL, 0 transceiver and 0 LCELL
Info (21057): Implemented 90 device resources after synthesis - the final resource count might be different
    Info (21058): Implemented 2 input pins
    Info (21059): Implemented 34 output pins
    Info (21061): Implemented 54 logic cells
Info: Quartus II 64-Bit Analysis & Synthesis was successful. 0 errors, 7 warnings
    Info: Peak virtual memory: 687 megabytes
    Info: Processing ended: Mon Feb 01 22:42:07 2016
    Info: Elapsed time: 00:00:18
    Info: Total CPU time (on all processors): 00:00:38


